// Jest Snapshot v1, https://goo.gl/fbAQLP

exports[`test errors Internal Server Error > should return custom message 1`] = `[InternalServerError: custom message]`;

exports[`test errors Normalization Error > should return custom message 1`] = `[NormalizationError: custom message]`;

exports[`test errors Not Found Error > should return custom message 1`] = `[NotFoundError: custom message]`;

exports[`test errors Not Found Exception > should return custom message 1`] = `[NotFoundError: custom message]`;
