// Jest Snapshot v1, https://goo.gl/fbAQLP

exports[`<MainText> Rendering should match to snapshot 1`] = `
<Text
  allowFontScaling={false}
  style={
    Object {
      "color": "black",
    }
  }
>
  Testing
</Text>
`;
