// Jest Snapshot v1, https://goo.gl/fbAQLP

exports[`test API Loader test rendr/document mode, ie a Page 1`] = `
Page {
  "blocks": Array [],
  "cache": Object {
    "ttl": 0,
  },
  "head": Object {
    "defaultTitle": "-",
    "htmlAttributes": Object {},
    "link": "",
    "meta": Array [],
    "title": "-",
    "titleTemplate": "%s",
  },
  "id": "default",
  "settings": Array [],
  "statusCode": 200,
  "template": "default",
  "type": "document",
}
`;
